

================================================================
== Vivado HLS Report for 'matrix_multiply_alt2'
================================================================
* Date:           Mon Jul 12 19:45:31 2021

* Version:        2019.2 (Build 2704478 on Wed Nov 06 22:10:23 MST 2019)
* Project:        proj_matrix_multiply
* Solution:       solution1
* Product family: kintex7
* Target device:  xc7k160t-fbg484-1


================================================================
== Performance Estimates
================================================================
+ Timing: 
    * Summary: 
    +--------+---------+----------+------------+
    |  Clock |  Target | Estimated| Uncertainty|
    +--------+---------+----------+------------+
    |ap_clk  | 4.00 ns | 4.808 ns |   0.50 ns  |
    +--------+---------+----------+------------+

+ Latency: 
    * Summary: 
    +---------+---------+----------+----------+-----+-----+---------+
    |  Latency (cycles) |  Latency (absolute) |  Interval | Pipeline|
    |   min   |   max   |    min   |    max   | min | max |   Type  |
    +---------+---------+----------+----------+-----+-----+---------+
    |       43|       43| 0.207 us | 0.207 us |   43|   43|   none  |
    +---------+---------+----------+----------+-----+-----+---------+

    + Detail: 
        * Instance: 
        N/A

        * Loop: 
        +------------------------------------+---------+---------+----------+-----------+-----------+------+----------+
        |                                    |  Latency (cycles) | Iteration|  Initiation Interval  | Trip |          |
        |              Loop Name             |   min   |   max   |  Latency |  achieved |   target  | Count| Pipelined|
        +------------------------------------+---------+---------+----------+-----------+-----------+------+----------+
        |- a_col_loop_a_row_loop_b_col_loop  |       41|       41|        16|          1|          1|    27|    yes   |
        +------------------------------------+---------+---------+----------+-----------+-----------+------+----------+



================================================================
== Utilization Estimates
================================================================
* Summary: 
+-----------------+---------+-------+--------+--------+-----+
|       Name      | BRAM_18K| DSP48E|   FF   |   LUT  | URAM|
+-----------------+---------+-------+--------+--------+-----+
|DSP              |        -|      -|       -|       -|    -|
|Expression       |        -|      -|       0|     227|    -|
|FIFO             |        -|      -|       -|       -|    -|
|Instance         |        -|      3|     500|     545|    -|
|Memory           |        2|      -|       0|       0|    0|
|Multiplexer      |        -|      -|       -|     102|    -|
|Register         |        0|      -|     568|     224|    -|
+-----------------+---------+-------+--------+--------+-----+
|Total            |        2|      3|    1068|    1098|    0|
+-----------------+---------+-------+--------+--------+-----+
|Available        |      650|    600|  202800|  101400|    0|
+-----------------+---------+-------+--------+--------+-----+
|Utilization (%)  |    ~0   |   ~0  |   ~0   |       1|    0|
+-----------------+---------+-------+--------+--------+-----+

+ Detail: 
    * Instance: 
    +-------------------------+----------------------+---------+-------+-----+-----+-----+
    |         Instance        |        Module        | BRAM_18K| DSP48E|  FF | LUT | URAM|
    +-------------------------+----------------------+---------+-------+-----+-----+-----+
    |matrix_multiply_tcud_U1  |matrix_multiply_tcud  |        0|      0|  335|  400|    0|
    |matrix_multiply_tdEe_U2  |matrix_multiply_tdEe  |        0|      3|  165|  145|    0|
    +-------------------------+----------------------+---------+-------+-----+-----+-----+
    |Total                    |                      |        0|      3|  500|  545|    0|
    +-------------------------+----------------------+---------+-------+-----+-----+-----+

    * DSP48E: 
    N/A

    * Memory: 
    +------------+----------------------+---------+---+----+-----+------+-----+------+-------------+
    |   Memory   |        Module        | BRAM_18K| FF| LUT| URAM| Words| Bits| Banks| W*Bits*Banks|
    +------------+----------------------+---------+---+----+-----+------+-----+------+-------------+
    |sum_mult_U  |matrix_multiply_abkb  |        2|  0|   0|    0|     9|   32|     1|          288|
    +------------+----------------------+---------+---+----+-----+------+-----+------+-------------+
    |Total       |                      |        2|  0|   0|    0|     9|   32|     1|          288|
    +------------+----------------------+---------+---+----+-----+------+-----+------+-------------+

    * FIFO: 
    N/A

    * Expression: 
    +--------------------------+----------+-------+---+----+------------+------------+
    |       Variable Name      | Operation| DSP48E| FF| LUT| Bitwidth P0| Bitwidth P1|
    +--------------------------+----------+-------+---+----+------------+------------+
    |add_ln318_fu_190_p2       |     +    |      0|  0|  15|           5|           1|
    |add_ln319_fu_316_p2       |     +    |      0|  0|  13|           4|           1|
    |add_ln335_fu_395_p2       |     +    |      0|  0|  15|           5|           5|
    |add_ln60_1_fu_384_p2      |     +    |      0|  0|   8|           5|           5|
    |add_ln60_fu_370_p2        |     +    |      0|  0|  15|           5|           5|
    |c_fu_310_p2               |     +    |      0|  0|  10|           2|           1|
    |k_fu_196_p2               |     +    |      0|  0|  10|           2|           1|
    |r_fu_282_p2               |     +    |      0|  0|  10|           2|           1|
    |sub_ln60_1_fu_364_p2      |     -    |      0|  0|  15|           5|           5|
    |sub_ln60_fu_344_p2        |     -    |      0|  0|   8|           5|           5|
    |and_ln330_fu_276_p2       |    and   |      0|  0|   6|           1|           1|
    |icmp_ln318_fu_184_p2      |   icmp   |      0|  0|  11|           5|           4|
    |icmp_ln319_fu_202_p2      |   icmp   |      0|  0|   9|           4|           4|
    |icmp_ln320_fu_270_p2      |   icmp   |      0|  0|   8|           2|           2|
    |icmp_ln330_1_fu_222_p2    |   icmp   |      0|  0|   8|           2|           1|
    |icmp_ln330_fu_216_p2      |   icmp   |      0|  0|   8|           2|           1|
    |icmp_ln333_1_fu_242_p2    |   icmp   |      0|  0|   9|           2|           3|
    |icmp_ln333_fu_236_p2      |   icmp   |      0|  0|   9|           2|           3|
    |or_ln332_fu_288_p2        |    or    |      0|  0|   6|           1|           1|
    |select_ln319_fu_322_p3    |  select  |      0|  0|   4|           1|           1|
    |select_ln330_1_fu_228_p3  |  select  |      0|  0|   2|           1|           1|
    |select_ln330_2_fu_248_p3  |  select  |      0|  0|   2|           1|           1|
    |select_ln330_3_fu_256_p3  |  select  |      0|  0|   2|           1|           2|
    |select_ln330_fu_208_p3    |  select  |      0|  0|   2|           1|           1|
    |select_ln332_1_fu_302_p3  |  select  |      0|  0|   2|           1|           2|
    |select_ln332_fu_294_p3    |  select  |      0|  0|   2|           1|           1|
    |ap_enable_pp0             |    xor   |      0|  0|   6|           1|           2|
    |ap_enable_reg_pp0_iter1   |    xor   |      0|  0|   6|           2|           1|
    |xor_ln330_fu_264_p2       |    xor   |      0|  0|   6|           1|           2|
    +--------------------------+----------+-------+---+----+------------+------------+
    |Total                     |          |      0|  0| 227|          72|          64|
    +--------------------------+----------+-------+---+----+------------+------------+

    * Multiplexer: 
    +---------------------------------------+----+-----------+-----+-----------+
    |                  Name                 | LUT| Input Size| Bits| Total Bits|
    +---------------------------------------+----+-----------+-----+-----------+
    |Col_assign_2_reg_127                   |   9|          2|    2|          4|
    |Col_assign_reg_160                     |   9|          2|    2|          4|
    |Row_assign_reg_149                     |   9|          2|    2|          4|
    |ap_NS_fsm                              |  21|          4|    1|          4|
    |ap_enable_reg_pp0_iter1                |   9|          2|    1|          2|
    |ap_enable_reg_pp0_iter15               |   9|          2|    1|          2|
    |ap_phi_mux_Col_assign_2_phi_fu_131_p4  |   9|          2|    2|          4|
    |ap_phi_mux_Row_assign_phi_fu_153_p4    |   9|          2|    2|          4|
    |indvar_flatten14_reg_116               |   9|          2|    5|         10|
    |indvar_flatten_reg_138                 |   9|          2|    4|          8|
    +---------------------------------------+----+-----------+-----+-----------+
    |Total                                  | 102|         22|   22|         46|
    +---------------------------------------+----+-----------+-----+-----------+

    * Register: 
    +--------------------------+----+----+-----+-----------+
    |           Name           | FF | LUT| Bits| Const Bits|
    +--------------------------+----+----+-----+-----------+
    |C_addr_reg_477            |   4|   0|    4|          0|
    |Col_assign_2_reg_127      |   2|   0|    2|          0|
    |Col_assign_reg_160        |   2|   0|    2|          0|
    |Row_assign_reg_149        |   2|   0|    2|          0|
    |add_ln335_reg_462         |   5|   0|    5|          0|
    |ap_CS_fsm                 |   3|   0|    3|          0|
    |ap_enable_reg_pp0_iter0   |   1|   0|    1|          0|
    |ap_enable_reg_pp0_iter1   |   1|   0|    1|          0|
    |ap_enable_reg_pp0_iter10  |   1|   0|    1|          0|
    |ap_enable_reg_pp0_iter11  |   1|   0|    1|          0|
    |ap_enable_reg_pp0_iter12  |   1|   0|    1|          0|
    |ap_enable_reg_pp0_iter13  |   1|   0|    1|          0|
    |ap_enable_reg_pp0_iter14  |   1|   0|    1|          0|
    |ap_enable_reg_pp0_iter15  |   1|   0|    1|          0|
    |ap_enable_reg_pp0_iter2   |   1|   0|    1|          0|
    |ap_enable_reg_pp0_iter3   |   1|   0|    1|          0|
    |ap_enable_reg_pp0_iter4   |   1|   0|    1|          0|
    |ap_enable_reg_pp0_iter5   |   1|   0|    1|          0|
    |ap_enable_reg_pp0_iter6   |   1|   0|    1|          0|
    |ap_enable_reg_pp0_iter7   |   1|   0|    1|          0|
    |ap_enable_reg_pp0_iter8   |   1|   0|    1|          0|
    |ap_enable_reg_pp0_iter9   |   1|   0|    1|          0|
    |icmp_ln318_reg_406        |   1|   0|    1|          0|
    |indvar_flatten14_reg_116  |   5|   0|    5|          0|
    |indvar_flatten_reg_138    |   4|   0|    4|          0|
    |mult_reg_488              |  32|   0|   32|          0|
    |select_ln330_1_reg_415    |   1|   0|    1|          0|
    |select_ln330_2_reg_419    |   1|   0|    1|          0|
    |select_ln330_3_reg_423    |   2|   0|    2|          0|
    |select_ln332_1_reg_435    |   2|   0|    2|          0|
    |select_ln332_reg_430      |   2|   0|    2|          0|
    |sum_mult_addr_reg_482     |   4|   0|    4|          0|
    |sum_mult_load_reg_493     |  32|   0|   32|          0|
    |C_addr_reg_477            |  64|  32|    4|          0|
    |add_ln335_reg_462         |  64|  32|    5|          0|
    |icmp_ln318_reg_406        |  64|  32|    1|          0|
    |mult_reg_488              |  64|  32|   32|          0|
    |select_ln330_1_reg_415    |  64|  32|    1|          0|
    |select_ln330_2_reg_419    |  64|  32|    1|          0|
    |sum_mult_addr_reg_482     |  64|  32|    4|          0|
    +--------------------------+----+----+-----+-----------+
    |Total                     | 568| 224|  168|          0|
    +--------------------------+----+----+-----+-----------+



================================================================
== Interface
================================================================
* Summary: 
+------------+-----+-----+------------+----------------------+--------------+
|  RTL Ports | Dir | Bits|  Protocol  |     Source Object    |    C Type    |
+------------+-----+-----+------------+----------------------+--------------+
|ap_clk      |  in |    1| ap_ctrl_hs | matrix_multiply_alt2 | return value |
|ap_rst      |  in |    1| ap_ctrl_hs | matrix_multiply_alt2 | return value |
|ap_start    |  in |    1| ap_ctrl_hs | matrix_multiply_alt2 | return value |
|ap_done     | out |    1| ap_ctrl_hs | matrix_multiply_alt2 | return value |
|ap_idle     | out |    1| ap_ctrl_hs | matrix_multiply_alt2 | return value |
|ap_ready    | out |    1| ap_ctrl_hs | matrix_multiply_alt2 | return value |
|A_address0  | out |    4|  ap_memory |           A          |     array    |
|A_ce0       | out |    1|  ap_memory |           A          |     array    |
|A_q0        |  in |   32|  ap_memory |           A          |     array    |
|B_address0  | out |    4|  ap_memory |           B          |     array    |
|B_ce0       | out |    1|  ap_memory |           B          |     array    |
|B_q0        |  in |   32|  ap_memory |           B          |     array    |
|C_address0  | out |    4|  ap_memory |           C          |     array    |
|C_ce0       | out |    1|  ap_memory |           C          |     array    |
|C_we0       | out |    1|  ap_memory |           C          |     array    |
|C_d0        | out |   32|  ap_memory |           C          |     array    |
+------------+-----+-----+------------+----------------------+--------------+

