15:46:47 **** Build of project NGrover64_test_bsp ****
make -k all 
"Running Make include in ps7_cortexa9_0/libsrc/bram_v4_1/src"
make -C ps7_cortexa9_0/libsrc/bram_v4_1/src -s include  "SHELL=CMD" "COMPILER=arm-none-eabi-gcc" "ARCHIVER=arm-none-eabi-ar" "COMPILER_FLAGS=  -O2 -c" "EXTRA_COMPILER_FLAGS=-mcpu=cortex-a9 -mfpu=vfpv3 -mfloat-abi=hard -nostartfiles"
"Running Make include in ps7_cortexa9_0/libsrc/coresightps_dcc_v1_3/src"
make -C ps7_cortexa9_0/libsrc/coresightps_dcc_v1_3/src -s include  "SHELL=CMD" "COMPILER=arm-none-eabi-gcc" "ARCHIVER=arm-none-eabi-ar" "COMPILER_FLAGS=  -O2 -c" "EXTRA_COMPILER_FLAGS=-mcpu=cortex-a9 -mfpu=vfpv3 -mfloat-abi=hard -nostartfiles"
"Running Make include in ps7_cortexa9_0/libsrc/cpu_cortexa9_v2_3/src"
make -C ps7_cortexa9_0/libsrc/cpu_cortexa9_v2_3/src -s include  "SHELL=CMD" "COMPILER=arm-none-eabi-gcc" "ARCHIVER=arm-none-eabi-ar" "COMPILER_FLAGS=  -O2 -c" "EXTRA_COMPILER_FLAGS=-mcpu=cortex-a9 -mfpu=vfpv3 -mfloat-abi=hard -nostartfiles"
"Running Make include in ps7_cortexa9_0/libsrc/ddrps_v1_0/src"
make -C ps7_cortexa9_0/libsrc/ddrps_v1_0/src -s include  "SHELL=CMD" "COMPILER=arm-none-eabi-gcc" "ARCHIVER=arm-none-eabi-ar" "COMPILER_FLAGS=  -O2 -c" "EXTRA_COMPILER_FLAGS=-mcpu=cortex-a9 -mfpu=vfpv3 -mfloat-abi=hard -nostartfiles"
"Running Make include in ps7_cortexa9_0/libsrc/devcfg_v3_4/src"
make -C ps7_cortexa9_0/libsrc/devcfg_v3_4/src -s include  "SHELL=CMD" "COMPILER=arm-none-eabi-gcc" "ARCHIVER=arm-none-eabi-ar" "COMPILER_FLAGS=  -O2 -c" "EXTRA_COMPILER_FLAGS=-mcpu=cortex-a9 -mfpu=vfpv3 -mfloat-abi=hard -nostartfiles"
"Running Make include in ps7_cortexa9_0/libsrc/dmaps_v2_3/src"
make -C ps7_cortexa9_0/libsrc/dmaps_v2_3/src -s include  "SHELL=CMD" "COMPILER=arm-none-eabi-gcc" "ARCHIVER=arm-none-eabi-ar" "COMPILER_FLAGS=  -O2 -c" "EXTRA_COMPILER_FLAGS=-mcpu=cortex-a9 -mfpu=vfpv3 -mfloat-abi=hard -nostartfiles"
"Running Make include in ps7_cortexa9_0/libsrc/emacps_v3_3/src"
make -C ps7_cortexa9_0/libsrc/emacps_v3_3/src -s include  "SHELL=CMD" "COMPILER=arm-none-eabi-gcc" "ARCHIVER=arm-none-eabi-ar" "COMPILER_FLAGS=  -O2 -c" "EXTRA_COMPILER_FLAGS=-mcpu=cortex-a9 -mfpu=vfpv3 -mfloat-abi=hard -nostartfiles"
"Running Make include in ps7_cortexa9_0/libsrc/gpiops_v3_1/src"
make -C ps7_cortexa9_0/libsrc/gpiops_v3_1/src -s include  "SHELL=CMD" "COMPILER=arm-none-eabi-gcc" "ARCHIVER=arm-none-eabi-ar" "COMPILER_FLAGS=  -O2 -c" "EXTRA_COMPILER_FLAGS=-mcpu=cortex-a9 -mfpu=vfpv3 -mfloat-abi=hard -nostartfiles"
"Running Make include in ps7_cortexa9_0/libsrc/NGrover64_v1_0/src"
make -C ps7_cortexa9_0/libsrc/NGrover64_v1_0/src -s include  "SHELL=CMD" "COMPILER=arm-none-eabi-gcc" "ARCHIVER=arm-none-eabi-ar" "COMPILER_FLAGS=  -O2 -c" "EXTRA_COMPILER_FLAGS=-mcpu=cortex-a9 -mfpu=vfpv3 -mfloat-abi=hard -nostartfiles"
"Running Make include in ps7_cortexa9_0/libsrc/qspips_v3_3/src"
make -C ps7_cortexa9_0/libsrc/qspips_v3_3/src -s include  "SHELL=CMD" "COMPILER=arm-none-eabi-gcc" "ARCHIVER=arm-none-eabi-ar" "COMPILER_FLAGS=  -O2 -c" "EXTRA_COMPILER_FLAGS=-mcpu=cortex-a9 -mfpu=vfpv3 -mfloat-abi=hard -nostartfiles"
"Running Make include in ps7_cortexa9_0/libsrc/scugic_v3_5/src"
make -C ps7_cortexa9_0/libsrc/scugic_v3_5/src -s include  "SHELL=CMD" "COMPILER=arm-none-eabi-gcc" "ARCHIVER=arm-none-eabi-ar" "COMPILER_FLAGS=  -O2 -c" "EXTRA_COMPILER_FLAGS=-mcpu=cortex-a9 -mfpu=vfpv3 -mfloat-abi=hard -nostartfiles"
"Running Make include in ps7_cortexa9_0/libsrc/scutimer_v2_1/src"
make -C ps7_cortexa9_0/libsrc/scutimer_v2_1/src -s include  "SHELL=CMD" "COMPILER=arm-none-eabi-gcc" "ARCHIVER=arm-none-eabi-ar" "COMPILER_FLAGS=  -O2 -c" "EXTRA_COMPILER_FLAGS=-mcpu=cortex-a9 -mfpu=vfpv3 -mfloat-abi=hard -nostartfiles"
"Running Make include in ps7_cortexa9_0/libsrc/scuwdt_v2_1/src"
make -C ps7_cortexa9_0/libsrc/scuwdt_v2_1/src -s include  "SHELL=CMD" "COMPILER=arm-none-eabi-gcc" "ARCHIVER=arm-none-eabi-ar" "COMPILER_FLAGS=  -O2 -c" "EXTRA_COMPILER_FLAGS=-mcpu=cortex-a9 -mfpu=vfpv3 -mfloat-abi=hard -nostartfiles"
"Running Make include in ps7_cortexa9_0/libsrc/sdps_v3_1/src"
make -C ps7_cortexa9_0/libsrc/sdps_v3_1/src -s include  "SHELL=CMD" "COMPILER=arm-none-eabi-gcc" "ARCHIVER=arm-none-eabi-ar" "COMPILER_FLAGS=  -O2 -c" "EXTRA_COMPILER_FLAGS=-mcpu=cortex-a9 -mfpu=vfpv3 -mfloat-abi=hard -nostartfiles"
"Running Make include in ps7_cortexa9_0/libsrc/standalone_v6_1/src"
make -C ps7_cortexa9_0/libsrc/standalone_v6_1/src -s include  "SHELL=CMD" "COMPILER=arm-none-eabi-gcc" "ARCHIVER=arm-none-eabi-ar" "COMPILER_FLAGS=  -O2 -c" "EXTRA_COMPILER_FLAGS=-mcpu=cortex-a9 -mfpu=vfpv3 -mfloat-abi=hard -nostartfiles"
"Running Make include in ps7_cortexa9_0/libsrc/tmrctr_v4_2/src"
make -C ps7_cortexa9_0/libsrc/tmrctr_v4_2/src -s include  "SHELL=CMD" "COMPILER=arm-none-eabi-gcc" "ARCHIVER=arm-none-eabi-ar" "COMPILER_FLAGS=  -O2 -c" "EXTRA_COMPILER_FLAGS=-mcpu=cortex-a9 -mfpu=vfpv3 -mfloat-abi=hard -nostartfiles"
"Running Make include in ps7_cortexa9_0/libsrc/ttcps_v3_2/src"
make -C ps7_cortexa9_0/libsrc/ttcps_v3_2/src -s include  "SHELL=CMD" "COMPILER=arm-none-eabi-gcc" "ARCHIVER=arm-none-eabi-ar" "COMPILER_FLAGS=  -O2 -c" "EXTRA_COMPILER_FLAGS=-mcpu=cortex-a9 -mfpu=vfpv3 -mfloat-abi=hard -nostartfiles"
"Running Make include in ps7_cortexa9_0/libsrc/uartps_v3_3/src"
make -C ps7_cortexa9_0/libsrc/uartps_v3_3/src -s include  "SHELL=CMD" "COMPILER=arm-none-eabi-gcc" "ARCHIVER=arm-none-eabi-ar" "COMPILER_FLAGS=  -O2 -c" "EXTRA_COMPILER_FLAGS=-mcpu=cortex-a9 -mfpu=vfpv3 -mfloat-abi=hard -nostartfiles"
"Running Make include in ps7_cortexa9_0/libsrc/usbps_v2_4/src"
make -C ps7_cortexa9_0/libsrc/usbps_v2_4/src -s include  "SHELL=CMD" "COMPILER=arm-none-eabi-gcc" "ARCHIVER=arm-none-eabi-ar" "COMPILER_FLAGS=  -O2 -c" "EXTRA_COMPILER_FLAGS=-mcpu=cortex-a9 -mfpu=vfpv3 -mfloat-abi=hard -nostartfiles"
"Running Make include in ps7_cortexa9_0/libsrc/xadcps_v2_2/src"
make -C ps7_cortexa9_0/libsrc/xadcps_v2_2/src -s include  "SHELL=CMD" "COMPILER=arm-none-eabi-gcc" "ARCHIVER=arm-none-eabi-ar" "COMPILER_FLAGS=  -O2 -c" "EXTRA_COMPILER_FLAGS=-mcpu=cortex-a9 -mfpu=vfpv3 -mfloat-abi=hard -nostartfiles"
"Running Make libs in ps7_cortexa9_0/libsrc/bram_v4_1/src"
make -C ps7_cortexa9_0/libsrc/bram_v4_1/src -s libs  "SHELL=CMD" "COMPILER=arm-none-eabi-gcc" "ARCHIVER=arm-none-eabi-ar" "COMPILER_FLAGS=  -O2 -c" "EXTRA_COMPILER_FLAGS=-mcpu=cortex-a9 -mfpu=vfpv3 -mfloat-abi=hard -nostartfiles"
"Compiling bram"
arm-none-eabi-ar: creating ../../../lib/libxil.a
"Running Make libs in ps7_cortexa9_0/libsrc/coresightps_dcc_v1_3/src"
make -C ps7_cortexa9_0/libsrc/coresightps_dcc_v1_3/src -s libs  "SHELL=CMD" "COMPILER=arm-none-eabi-gcc" "ARCHIVER=arm-none-eabi-ar" "COMPILER_FLAGS=  -O2 -c" "EXTRA_COMPILER_FLAGS=-mcpu=cortex-a9 -mfpu=vfpv3 -mfloat-abi=hard -nostartfiles"
"Compiling coresightps_dcc"
"Running Make libs in ps7_cortexa9_0/libsrc/cpu_cortexa9_v2_3/src"
make -C ps7_cortexa9_0/libsrc/cpu_cortexa9_v2_3/src -s libs  "SHELL=CMD" "COMPILER=arm-none-eabi-gcc" "ARCHIVER=arm-none-eabi-ar" "COMPILER_FLAGS=  -O2 -c" "EXTRA_COMPILER_FLAGS=-mcpu=cortex-a9 -mfpu=vfpv3 -mfloat-abi=hard -nostartfiles"
"Compiling cpu_cortexa9"
"Running Make libs in ps7_cortexa9_0/libsrc/ddrps_v1_0/src"
make -C ps7_cortexa9_0/libsrc/ddrps_v1_0/src -s libs  "SHELL=CMD" "COMPILER=arm-none-eabi-gcc" "ARCHIVER=arm-none-eabi-ar" "COMPILER_FLAGS=  -O2 -c" "EXTRA_COMPILER_FLAGS=-mcpu=cortex-a9 -mfpu=vfpv3 -mfloat-abi=hard -nostartfiles"
"Compiling ddrps"
"Running Make libs in ps7_cortexa9_0/libsrc/devcfg_v3_4/src"
make -C ps7_cortexa9_0/libsrc/devcfg_v3_4/src -s libs  "SHELL=CMD" "COMPILER=arm-none-eabi-gcc" "ARCHIVER=arm-none-eabi-ar" "COMPILER_FLAGS=  -O2 -c" "EXTRA_COMPILER_FLAGS=-mcpu=cortex-a9 -mfpu=vfpv3 -mfloat-abi=hard -nostartfiles"
"Compiling devcfg"
"Running Make libs in ps7_cortexa9_0/libsrc/dmaps_v2_3/src"
make -C ps7_cortexa9_0/libsrc/dmaps_v2_3/src -s libs  "SHELL=CMD" "COMPILER=arm-none-eabi-gcc" "ARCHIVER=arm-none-eabi-ar" "COMPILER_FLAGS=  -O2 -c" "EXTRA_COMPILER_FLAGS=-mcpu=cortex-a9 -mfpu=vfpv3 -mfloat-abi=hard -nostartfiles"
"Compiling dmaps"
"Running Make libs in ps7_cortexa9_0/libsrc/emacps_v3_3/src"
make -C ps7_cortexa9_0/libsrc/emacps_v3_3/src -s libs  "SHELL=CMD" "COMPILER=arm-none-eabi-gcc" "ARCHIVER=arm-none-eabi-ar" "COMPILER_FLAGS=  -O2 -c" "EXTRA_COMPILER_FLAGS=-mcpu=cortex-a9 -mfpu=vfpv3 -mfloat-abi=hard -nostartfiles"
"Compiling emacps"
"Running Make libs in ps7_cortexa9_0/libsrc/gpiops_v3_1/src"
make -C ps7_cortexa9_0/libsrc/gpiops_v3_1/src -s libs  "SHELL=CMD" "COMPILER=arm-none-eabi-gcc" "ARCHIVER=arm-none-eabi-ar" "COMPILER_FLAGS=  -O2 -c" "EXTRA_COMPILER_FLAGS=-mcpu=cortex-a9 -mfpu=vfpv3 -mfloat-abi=hard -nostartfiles"
"Compiling gpiops"
"Running Make libs in ps7_cortexa9_0/libsrc/NGrover64_v1_0/src"
make -C ps7_cortexa9_0/libsrc/NGrover64_v1_0/src -s libs  "SHELL=CMD" "COMPILER=arm-none-eabi-gcc" "ARCHIVER=arm-none-eabi-ar" "COMPILER_FLAGS=  -O2 -c" "EXTRA_COMPILER_FLAGS=-mcpu=cortex-a9 -mfpu=vfpv3 -mfloat-abi=hard -nostartfiles"
"Compiling NGrover64"
"Running Make libs in ps7_cortexa9_0/libsrc/qspips_v3_3/src"
make -C ps7_cortexa9_0/libsrc/qspips_v3_3/src -s libs  "SHELL=CMD" "COMPILER=arm-none-eabi-gcc" "ARCHIVER=arm-none-eabi-ar" "COMPILER_FLAGS=  -O2 -c" "EXTRA_COMPILER_FLAGS=-mcpu=cortex-a9 -mfpu=vfpv3 -mfloat-abi=hard -nostartfiles"
"Compiling qspips"
"Running Make libs in ps7_cortexa9_0/libsrc/scugic_v3_5/src"
make -C ps7_cortexa9_0/libsrc/scugic_v3_5/src -s libs  "SHELL=CMD" "COMPILER=arm-none-eabi-gcc" "ARCHIVER=arm-none-eabi-ar" "COMPILER_FLAGS=  -O2 -c" "EXTRA_COMPILER_FLAGS=-mcpu=cortex-a9 -mfpu=vfpv3 -mfloat-abi=hard -nostartfiles"
"Compiling scugic"
"Running Make libs in ps7_cortexa9_0/libsrc/scutimer_v2_1/src"
make -C ps7_cortexa9_0/libsrc/scutimer_v2_1/src -s libs  "SHELL=CMD" "COMPILER=arm-none-eabi-gcc" "ARCHIVER=arm-none-eabi-ar" "COMPILER_FLAGS=  -O2 -c" "EXTRA_COMPILER_FLAGS=-mcpu=cortex-a9 -mfpu=vfpv3 -mfloat-abi=hard -nostartfiles"
"Compiling scutimer"
"Running Make libs in ps7_cortexa9_0/libsrc/scuwdt_v2_1/src"
make -C ps7_cortexa9_0/libsrc/scuwdt_v2_1/src -s libs  "SHELL=CMD" "COMPILER=arm-none-eabi-gcc" "ARCHIVER=arm-none-eabi-ar" "COMPILER_FLAGS=  -O2 -c" "EXTRA_COMPILER_FLAGS=-mcpu=cortex-a9 -mfpu=vfpv3 -mfloat-abi=hard -nostartfiles"
"Compiling scuwdt"
"Running Make libs in ps7_cortexa9_0/libsrc/sdps_v3_1/src"
make -C ps7_cortexa9_0/libsrc/sdps_v3_1/src -s libs  "SHELL=CMD" "COMPILER=arm-none-eabi-gcc" "ARCHIVER=arm-none-eabi-ar" "COMPILER_FLAGS=  -O2 -c" "EXTRA_COMPILER_FLAGS=-mcpu=cortex-a9 -mfpu=vfpv3 -mfloat-abi=hard -nostartfiles"
"Compiling sdps"
"Running Make libs in ps7_cortexa9_0/libsrc/standalone_v6_1/src"
make -C ps7_cortexa9_0/libsrc/standalone_v6_1/src -s libs  "SHELL=CMD" "COMPILER=arm-none-eabi-gcc" "ARCHIVER=arm-none-eabi-ar" "COMPILER_FLAGS=  -O2 -c" "EXTRA_COMPILER_FLAGS=-mcpu=cortex-a9 -mfpu=vfpv3 -mfloat-abi=hard -nostartfiles"
"Compiling standalone"
"Running Make libs in ps7_cortexa9_0/libsrc/tmrctr_v4_2/src"
make -C ps7_cortexa9_0/libsrc/tmrctr_v4_2/src -s libs  "SHELL=CMD" "COMPILER=arm-none-eabi-gcc" "ARCHIVER=arm-none-eabi-ar" "COMPILER_FLAGS=  -O2 -c" "EXTRA_COMPILER_FLAGS=-mcpu=cortex-a9 -mfpu=vfpv3 -mfloat-abi=hard -nostartfiles"
"Compiling tmrctr"
"Running Make libs in ps7_cortexa9_0/libsrc/ttcps_v3_2/src"
make -C ps7_cortexa9_0/libsrc/ttcps_v3_2/src -s libs  "SHELL=CMD" "COMPILER=arm-none-eabi-gcc" "ARCHIVER=arm-none-eabi-ar" "COMPILER_FLAGS=  -O2 -c" "EXTRA_COMPILER_FLAGS=-mcpu=cortex-a9 -mfpu=vfpv3 -mfloat-abi=hard -nostartfiles"
"Compiling ttcps"
"Running Make libs in ps7_cortexa9_0/libsrc/uartps_v3_3/src"
make -C ps7_cortexa9_0/libsrc/uartps_v3_3/src -s libs  "SHELL=CMD" "COMPILER=arm-none-eabi-gcc" "ARCHIVER=arm-none-eabi-ar" "COMPILER_FLAGS=  -O2 -c" "EXTRA_COMPILER_FLAGS=-mcpu=cortex-a9 -mfpu=vfpv3 -mfloat-abi=hard -nostartfiles"
"Compiling uartps"
"Running Make libs in ps7_cortexa9_0/libsrc/usbps_v2_4/src"
make -C ps7_cortexa9_0/libsrc/usbps_v2_4/src -s libs  "SHELL=CMD" "COMPILER=arm-none-eabi-gcc" "ARCHIVER=arm-none-eabi-ar" "COMPILER_FLAGS=  -O2 -c" "EXTRA_COMPILER_FLAGS=-mcpu=cortex-a9 -mfpu=vfpv3 -mfloat-abi=hard -nostartfiles"
"Compiling usbps"
"Running Make libs in ps7_cortexa9_0/libsrc/xadcps_v2_2/src"
make -C ps7_cortexa9_0/libsrc/xadcps_v2_2/src -s libs  "SHELL=CMD" "COMPILER=arm-none-eabi-gcc" "ARCHIVER=arm-none-eabi-ar" "COMPILER_FLAGS=  -O2 -c" "EXTRA_COMPILER_FLAGS=-mcpu=cortex-a9 -mfpu=vfpv3 -mfloat-abi=hard -nostartfiles"
"Compiling xadcps"
'Finished building libraries'
15:47:13 **** Build of configuration Debug for project NGrover64_test ****
make pre-build main-build 
a9-linaro-pre-build-step
' '
'Building file: ../src/main.cc'
'Invoking: ARM v7 g++ compiler'
arm-none-eabi-g++ -Wall -O0 -g3 -c -fmessage-length=0 -MT"src/main.o" -mcpu=cortex-a9 -mfpu=vfpv3 -mfloat-abi=hard -I../../NGrover64_test_bsp/ps7_cortexa9_0/include -MMD -MP -MF"src/main.d" -MT"src/main.o" -o "src/main.o" "../src/main.cc"
'Finished building: ../src/main.cc'
' '
'Building target: NGrover64_test.elf'
'Invoking: ARM v7 g++ linker'
arm-none-eabi-g++ -mcpu=cortex-a9 -mfpu=vfpv3 -mfloat-abi=hard -Wl,-build-id=none -specs=Xilinx.spec -Wl,-T -Wl,../src/lscript.ld -L../../NGrover64_test_bsp/ps7_cortexa9_0/lib -o "NGrover64_test.elf"  ./src/main.o   -Wl,--start-group,-lxil,-lgcc,-lc,-lstdc++,--end-group
'Finished building target: NGrover64_test.elf'
' '
'Invoking: ARM v7 Print Size'
arm-none-eabi-size NGrover64_test.elf  |tee "NGrover64_test.elf.size"
   text	   data	    bss	    dec	    hex	filename
  19056	   1148	  22576	  42780	   a71c	NGrover64_test.elf
'Finished building: NGrover64_test.elf.size'
' '
15:47:48 **** Auto Build of configuration Debug for project NGrover64_test ****
make pre-build main-build 
a9-linaro-pre-build-step
' '
'Building file: ../src/main.cc'
'Invoking: ARM v7 g++ compiler'
arm-none-eabi-g++ -Wall -O0 -g3 -c -fmessage-length=0 -MT"src/main.o" -mcpu=cortex-a9 -mfpu=vfpv3 -mfloat-abi=hard -I../../NGrover64_test_bsp/ps7_cortexa9_0/include -MMD -MP -MF"src/main.d" -MT"src/main.o" -o "src/main.o" "../src/main.cc"
../src/main.cc:9:28: fatal error: AxiTimerHelper.h: No such file or directory
compilation terminated.
make: *** [src/main.o] Error 1
15:48:17 **** Auto Build of configuration Debug for project NGrover64_test ****
make pre-build main-build 
a9-linaro-pre-build-step
' '
'Building file: ../src/AxiTimerHelper.cpp'
'Invoking: ARM v7 g++ compiler'
arm-none-eabi-g++ -Wall -O0 -g3 -c -fmessage-length=0 -MT"src/AxiTimerHelper.o" -mcpu=cortex-a9 -mfpu=vfpv3 -mfloat-abi=hard -I../../NGrover64_test_bsp/ps7_cortexa9_0/include -MMD -MP -MF"src/AxiTimerHelper.d" -MT"src/AxiTimerHelper.o" -o "src/AxiTimerHelper.o" "../src/AxiTimerHelper.cpp"
'Finished building: ../src/AxiTimerHelper.cpp'
' '
'Building file: ../src/main.cc'
'Invoking: ARM v7 g++ compiler'
arm-none-eabi-g++ -Wall -O0 -g3 -c -fmessage-length=0 -MT"src/main.o" -mcpu=cortex-a9 -mfpu=vfpv3 -mfloat-abi=hard -I../../NGrover64_test_bsp/ps7_cortexa9_0/include -MMD -MP -MF"src/main.d" -MT"src/main.o" -o "src/main.o" "../src/main.cc"
'Finished building: ../src/main.cc'
' '
'Building target: NGrover64_test.elf'
'Invoking: ARM v7 g++ linker'
arm-none-eabi-g++ -mcpu=cortex-a9 -mfpu=vfpv3 -mfloat-abi=hard -Wl,-build-id=none -specs=Xilinx.spec -Wl,-T -Wl,../src/lscript.ld -L../../NGrover64_test_bsp/ps7_cortexa9_0/lib -o "NGrover64_test.elf"  ./src/AxiTimerHelper.o ./src/main.o   -Wl,--start-group,-lxil,-lgcc,-lc,-lstdc++,--end-group
'Finished building target: NGrover64_test.elf'
' '
'Invoking: ARM v7 Print Size'
arm-none-eabi-size NGrover64_test.elf  |tee "NGrover64_test.elf.size"
   text	   data	    bss	    dec	    hex	filename
 172708	   2632	  23388	 198728	  30848	NGrover64_test.elf
'Finished building: NGrover64_test.elf.size'
' '
15:52:17 **** Incremental Build of configuration Debug for project NGrover64_test ****
make pre-build main-build 
a9-linaro-pre-build-step
' '
make: No se hace nada para `main-build'.
16:07:04 **** Auto Build of configuration Debug for project NGrover64_test ****
make pre-build main-build 
a9-linaro-pre-build-step
' '
'Building file: ../src/main.cc'
'Invoking: ARM v7 g++ compiler'
arm-none-eabi-g++ -Wall -O0 -g3 -c -fmessage-length=0 -MT"src/main.o" -mcpu=cortex-a9 -mfpu=vfpv3 -mfloat-abi=hard -I../../NGrover64_test_bsp/ps7_cortexa9_0/include -MMD -MP -MF"src/main.d" -MT"src/main.o" -o "src/main.o" "../src/main.cc"
../src/main.cc: In function 'int main()':
../src/main.cc:155:17: error: expected primary-expression before ')' token
   printf("%f\n",);
                 ^
../src/main.cc:96:8: warning: unused variable 'iM' [-Wunused-variable]
  int i,iM;
        ^
../src/main.cc: At global scope:
../src/main.cc:162:7: error: expected constructor, destructor, or type conversion before '(' token
 printf("%f\n", MEHW[j]);
       ^
make: *** [src/main.o] Error 1
16:07:40 **** Auto Build of configuration Debug for project NGrover64_test ****
make pre-build main-build 
a9-linaro-pre-build-step
' '
'Building file: ../src/main.cc'
'Invoking: ARM v7 g++ compiler'
arm-none-eabi-g++ -Wall -O0 -g3 -c -fmessage-length=0 -MT"src/main.o" -mcpu=cortex-a9 -mfpu=vfpv3 -mfloat-abi=hard -I../../NGrover64_test_bsp/ps7_cortexa9_0/include -MMD -MP -MF"src/main.d" -MT"src/main.o" -o "src/main.o" "../src/main.cc"
../src/main.cc: In function 'int main()':
../src/main.cc:96:8: warning: unused variable 'iM' [-Wunused-variable]
  int i,iM;
        ^
'Finished building: ../src/main.cc'
' '
'Building target: NGrover64_test.elf'
'Invoking: ARM v7 g++ linker'
arm-none-eabi-g++ -mcpu=cortex-a9 -mfpu=vfpv3 -mfloat-abi=hard -Wl,-build-id=none -specs=Xilinx.spec -Wl,-T -Wl,../src/lscript.ld -L../../NGrover64_test_bsp/ps7_cortexa9_0/lib -o "NGrover64_test.elf"  ./src/AxiTimerHelper.o ./src/main.o   -Wl,--start-group,-lxil,-lgcc,-lc,-lstdc++,--end-group
'Finished building target: NGrover64_test.elf'
' '
'Invoking: ARM v7 Print Size'
arm-none-eabi-size NGrover64_test.elf  |tee "NGrover64_test.elf.size"
   text	   data	    bss	    dec	    hex	filename
 153380	   2632	  23388	 179400	  2bcc8	NGrover64_test.elf
'Finished building: NGrover64_test.elf.size'
' '
17:01:24 **** Auto Build of configuration Debug for project NGrover64_test ****
make pre-build main-build 
a9-linaro-pre-build-step
' '
'Building file: ../src/main.cc'
'Invoking: ARM v7 g++ compiler'
arm-none-eabi-g++ -Wall -O0 -g3 -c -fmessage-length=0 -MT"src/main.o" -mcpu=cortex-a9 -mfpu=vfpv3 -mfloat-abi=hard -I../../NGrover64_test_bsp/ps7_cortexa9_0/include -MMD -MP -MF"src/main.d" -MT"src/main.o" -o "src/main.o" "../src/main.cc"
'Finished building: ../src/main.cc'
' '
'Building target: NGrover64_test.elf'
'Invoking: ARM v7 g++ linker'
arm-none-eabi-g++ -mcpu=cortex-a9 -mfpu=vfpv3 -mfloat-abi=hard -Wl,-build-id=none -specs=Xilinx.spec -Wl,-T -Wl,../src/lscript.ld -L../../NGrover64_test_bsp/ps7_cortexa9_0/lib -o "NGrover64_test.elf"  ./src/AxiTimerHelper.o ./src/main.o   -Wl,--start-group,-lxil,-lgcc,-lc,-lstdc++,--end-group
'Finished building target: NGrover64_test.elf'
' '
'Invoking: ARM v7 Print Size'
arm-none-eabi-size NGrover64_test.elf  |tee "NGrover64_test.elf.size"
   text	   data	    bss	    dec	    hex	filename
 172628	   2632	  23388	 198648	  307f8	NGrover64_test.elf
'Finished building: NGrover64_test.elf.size'
' '
17:22:48 **** Incremental Build of configuration Debug for project NGrover64_test ****
make pre-build main-build 
a9-linaro-pre-build-step
' '
make: No se hace nada para `main-build'.
17:23:37 **** Incremental Build of configuration Debug for project NGrover64_test ****
make pre-build main-build 
a9-linaro-pre-build-step
' '
make: No se hace nada para `main-build'.
17:24:28 **** Incremental Build of configuration Debug for project NGrover64_test ****
make pre-build main-build 
a9-linaro-pre-build-step
' '
make: No se hace nada para `main-build'.
17:28:01 **** Auto Build of configuration Debug for project NGrover64_test ****
make pre-build main-build 
a9-linaro-pre-build-step
' '
'Building file: ../src/main.cc'
'Invoking: ARM v7 g++ compiler'
arm-none-eabi-g++ -Wall -O0 -g3 -c -fmessage-length=0 -MT"src/main.o" -mcpu=cortex-a9 -mfpu=vfpv3 -mfloat-abi=hard -I../../NGrover64_test_bsp/ps7_cortexa9_0/include -MMD -MP -MF"src/main.d" -MT"src/main.o" -o "src/main.o" "../src/main.cc"
'Finished building: ../src/main.cc'
' '
'Building target: NGrover64_test.elf'
'Invoking: ARM v7 g++ linker'
arm-none-eabi-g++ -mcpu=cortex-a9 -mfpu=vfpv3 -mfloat-abi=hard -Wl,-build-id=none -specs=Xilinx.spec -Wl,-T -Wl,../src/lscript.ld -L../../NGrover64_test_bsp/ps7_cortexa9_0/lib -o "NGrover64_test.elf"  ./src/AxiTimerHelper.o ./src/main.o   -Wl,--start-group,-lxil,-lgcc,-lc,-lstdc++,--end-group
'Finished building target: NGrover64_test.elf'
' '
'Invoking: ARM v7 Print Size'
arm-none-eabi-size NGrover64_test.elf  |tee "NGrover64_test.elf.size"
   text	   data	    bss	    dec	    hex	filename
 172500	   2632	  23388	 198520	  30778	NGrover64_test.elf
'Finished building: NGrover64_test.elf.size'
' '
17:28:14 **** Incremental Build of configuration Debug for project NGrover64_test ****
make pre-build main-build 
a9-linaro-pre-build-step
' '
make: No se hace nada para `main-build'.
17:35:47 **** Incremental Build of configuration Debug for project NGrover64_test ****
make pre-build main-build 
a9-linaro-pre-build-step
' '
make: No se hace nada para `main-build'.
17:38:33 **** Auto Build of configuration Debug for project NGrover64_test ****
make pre-build main-build 
a9-linaro-pre-build-step
' '
'Building file: ../src/main.cc'
'Invoking: ARM v7 g++ compiler'
arm-none-eabi-g++ -Wall -O0 -g3 -c -fmessage-length=0 -MT"src/main.o" -mcpu=cortex-a9 -mfpu=vfpv3 -mfloat-abi=hard -I../../NGrover64_test_bsp/ps7_cortexa9_0/include -MMD -MP -MF"src/main.d" -MT"src/main.o" -o "src/main.o" "../src/main.cc"
'Finished building: ../src/main.cc'
' '
'Building target: NGrover64_test.elf'
'Invoking: ARM v7 g++ linker'
arm-none-eabi-g++ -mcpu=cortex-a9 -mfpu=vfpv3 -mfloat-abi=hard -Wl,-build-id=none -specs=Xilinx.spec -Wl,-T -Wl,../src/lscript.ld -L../../NGrover64_test_bsp/ps7_cortexa9_0/lib -o "NGrover64_test.elf"  ./src/AxiTimerHelper.o ./src/main.o   -Wl,--start-group,-lxil,-lgcc,-lc,-lstdc++,--end-group
'Finished building target: NGrover64_test.elf'
' '
'Invoking: ARM v7 Print Size'
arm-none-eabi-size NGrover64_test.elf  |tee "NGrover64_test.elf.size"
   text	   data	    bss	    dec	    hex	filename
 172628	   2632	  23388	 198648	  307f8	NGrover64_test.elf
'Finished building: NGrover64_test.elf.size'
' '
17:38:43 **** Incremental Build of configuration Debug for project NGrover64_test ****
make pre-build main-build 
a9-linaro-pre-build-step
' '
make: No se hace nada para `main-build'.
17:40:56 **** Incremental Build of configuration Debug for project NGrover64_test ****
make pre-build main-build 
a9-linaro-pre-build-step
' '
make: No se hace nada para `main-build'.
17:42:14 **** Incremental Build of configuration Debug for project NGrover64_test ****
make pre-build main-build 
a9-linaro-pre-build-step
' '
make: No se hace nada para `main-build'.
17:43:58 **** Incremental Build of configuration Debug for project NGrover64_test ****
make pre-build main-build 
a9-linaro-pre-build-step
' '
make: No se hace nada para `main-build'.
17:45:13 **** Incremental Build of configuration Debug for project NGrover64_test ****
make pre-build main-build 
a9-linaro-pre-build-step
' '
make: No se hace nada para `main-build'.
17:57:17 **** Incremental Build of configuration Debug for project NGrover64_test ****
make pre-build main-build 
a9-linaro-pre-build-step
' '
make: No se hace nada para `main-build'.
18:00:05 **** Incremental Build of configuration Debug for project NGrover64_test ****
make pre-build main-build 
a9-linaro-pre-build-step
' '
make: No se hace nada para `main-build'.
18:01:47 **** Incremental Build of configuration Debug for project NGrover64_test ****
make pre-build main-build 
a9-linaro-pre-build-step
' '
make: No se hace nada para `main-build'.
18:02:16 **** Incremental Build of configuration Debug for project NGrover64_test ****
make pre-build main-build 
a9-linaro-pre-build-step
' '
make: No se hace nada para `main-build'.
18:34:52 **** Incremental Build of configuration Debug for project NGrover64_test ****
make pre-build main-build 
a9-linaro-pre-build-step
' '
make: No se hace nada para `main-build'.
11:33:51 **** Incremental Build of configuration Debug for project NGrover64_test ****
make pre-build main-build 
a9-linaro-pre-build-step
' '
make: No se hace nada para `main-build'.
11:34:22 **** Incremental Build of configuration Debug for project NGrover64_test ****
make pre-build main-build 
a9-linaro-pre-build-step
' '
make: No se hace nada para `main-build'.
11:35:06 **** Auto Build of configuration Debug for project NGrover64_test ****
make pre-build main-build 
a9-linaro-pre-build-step
' '
'Building file: ../src/main.cc'
'Invoking: ARM v7 g++ compiler'
arm-none-eabi-g++ -Wall -O0 -g3 -c -fmessage-length=0 -MT"src/main.o" -mcpu=cortex-a9 -mfpu=vfpv3 -mfloat-abi=hard -I../../NGrover64_test_bsp/ps7_cortexa9_0/include -MMD -MP -MF"src/main.d" -MT"src/main.o" -o "src/main.o" "../src/main.cc"
'Finished building: ../src/main.cc'
' '
'Building target: NGrover64_test.elf'
'Invoking: ARM v7 g++ linker'
arm-none-eabi-g++ -mcpu=cortex-a9 -mfpu=vfpv3 -mfloat-abi=hard -Wl,-build-id=none -specs=Xilinx.spec -Wl,-T -Wl,../src/lscript.ld -L../../NGrover64_test_bsp/ps7_cortexa9_0/lib -o "NGrover64_test.elf"  ./src/AxiTimerHelper.o ./src/main.o   -Wl,--start-group,-lxil,-lgcc,-lc,-lstdc++,--end-group
'Finished building target: NGrover64_test.elf'
' '
'Invoking: ARM v7 Print Size'
arm-none-eabi-size NGrover64_test.elf  |tee "NGrover64_test.elf.size"
   text	   data	    bss	    dec	    hex	filename
 172628	   2632	  23388	 198648	  307f8	NGrover64_test.elf
'Finished building: NGrover64_test.elf.size'
' '
11:35:43 **** Incremental Build of configuration Debug for project NGrover64_test ****
make pre-build main-build 
a9-linaro-pre-build-step
' '
make: No se hace nada para `main-build'.
15:07:52 **** Auto Build of configuration Debug for project NGrover64_test ****
make pre-build main-build 
a9-linaro-pre-build-step
' '
'Building file: ../src/main.cc'
'Invoking: ARM v7 g++ compiler'
arm-none-eabi-g++ -Wall -O0 -g3 -c -fmessage-length=0 -MT"src/main.o" -mcpu=cortex-a9 -mfpu=vfpv3 -mfloat-abi=hard -I../../NGrover64_test_bsp/ps7_cortexa9_0/include -MMD -MP -MF"src/main.d" -MT"src/main.o" -o "src/main.o" "../src/main.cc"
'Finished building: ../src/main.cc'
' '
'Building target: NGrover64_test.elf'
'Invoking: ARM v7 g++ linker'
arm-none-eabi-g++ -mcpu=cortex-a9 -mfpu=vfpv3 -mfloat-abi=hard -Wl,-build-id=none -specs=Xilinx.spec -Wl,-T -Wl,../src/lscript.ld -L../../NGrover64_test_bsp/ps7_cortexa9_0/lib -o "NGrover64_test.elf"  ./src/AxiTimerHelper.o ./src/main.o   -Wl,--start-group,-lxil,-lgcc,-lc,-lstdc++,--end-group
'Finished building target: NGrover64_test.elf'
' '
'Invoking: ARM v7 Print Size'
arm-none-eabi-size NGrover64_test.elf  |tee "NGrover64_test.elf.size"
   text	   data	    bss	    dec	    hex	filename
 172628	   2632	  23388	 198648	  307f8	NGrover64_test.elf
'Finished building: NGrover64_test.elf.size'
' '
15:16:22 **** Incremental Build of configuration Debug for project NGrover64_test ****
make pre-build main-build 
a9-linaro-pre-build-step
' '
make: No se hace nada para `main-build'.
16:54:16 **** Incremental Build of configuration Debug for project NGrover64_test ****
make pre-build main-build 
a9-linaro-pre-build-step
' '
make: No se hace nada para `main-build'.
