19:12:20 **** Build of configuration Debug for project debug2 ****
make all 
make --no-print-directory pre-build
a9-linaro-pre-build-step
' '
make --no-print-directory main-build
'Building file: ../src/helloworld.c'
'Invoking: ARM v7 gcc compiler'
arm-none-eabi-gcc -Wall -O0 -g3 -c -fmessage-length=0 -MT"src/helloworld.o" -mcpu=cortex-a9 -mfpu=vfpv3 -mfloat-abi=hard -IC:/Users/mlabadm/Desktop/Github/FPGA/nqueens/debug_queen/design_1_wrapper_12/export/design_1_wrapper_12/sw/design_1_wrapper_12/standalone_domain/bspinclude/include -MMD -MP -MF"src/helloworld.d" -MT"src/helloworld.o" -o "src/helloworld.o" "../src/helloworld.c"
'Finished building: ../src/helloworld.c'
' '
'Building file: ../src/platform.c'
'Invoking: ARM v7 gcc compiler'
arm-none-eabi-gcc -Wall -O0 -g3 -c -fmessage-length=0 -MT"src/platform.o" -mcpu=cortex-a9 -mfpu=vfpv3 -mfloat-abi=hard -IC:/Users/mlabadm/Desktop/Github/FPGA/nqueens/debug_queen/design_1_wrapper_12/export/design_1_wrapper_12/sw/design_1_wrapper_12/standalone_domain/bspinclude/include -MMD -MP -MF"src/platform.d" -MT"src/platform.o" -o "src/platform.o" "../src/platform.c"
'Finished building: ../src/platform.c'
' '
'Building target: debug2.elf'
'Invoking: ARM v7 gcc linker'
arm-none-eabi-gcc -mcpu=cortex-a9 -mfpu=vfpv3 -mfloat-abi=hard -Wl,-build-id=none -specs=Xilinx.spec -Wl,-T -Wl,../src/lscript.ld -LC:/Users/mlabadm/Desktop/Github/FPGA/nqueens/debug_queen/design_1_wrapper_12/export/design_1_wrapper_12/sw/design_1_wrapper_12/standalone_domain/bsplib/lib -o "debug2.elf"  ./src/helloworld.o ./src/platform.o   -Wl,--start-group,-lxil,-lgcc,-lc,--end-group
'Finished building target: debug2.elf'
' '
'Invoking: ARM v7 Print Size'
arm-none-eabi-size debug2.elf  |tee "debug2.elf.size"
   text	   data	    bss	    dec	    hex	filename
  29644	   1544	  23256	  54444	   d4ac	debug2.elf
'Finished building: debug2.elf.size'
' '

19:12:22 Build Finished (took 1s.916ms)

