15:44:44 **** Incremental Build of configuration Debug for project nqueens ****
make all 
'Building file: ../src/main.c'
'Invoking: ARM v8 gcc compiler'
aarch64-none-elf-gcc -Wall -O0 -g3 -c -fmessage-length=0 -MT"src/main.o" -IC:/Users/mlabadm/Desktop/Github/FPGA/nqueens/nqueens/nqueens/nqueens_wrapper/export/nqueens_wrapper/sw/nqueens_wrapper/standalone_domain/bspinclude/include -MMD -MP -MF"src/main.d" -MT"src/main.o" -o "src/main.o" "../src/main.c"
In file included from ../src/main.c:2:
C:/Users/mlabadm/Desktop/Github/FPGA/nqueens/nqueens/nqueens/nqueens_wrapper/export/nqueens_wrapper/sw/nqueens_wrapper/standalone_domain/bspinclude/include/xtime_l.h:85:9: note: #pragma message: For the sleep routines, Global timer is being used
 #pragma message ("For the sleep routines, Global timer is being used")
         ^~~~~~~
'Finished building: ../src/main.c'
' '
'Building target: nqueens.elf'
'Invoking: ARM v8 gcc linker'
aarch64-none-elf-gcc -Wl,-T -Wl,../src/lscript.ld -LC:/Users/mlabadm/Desktop/Github/FPGA/nqueens/nqueens/nqueens/nqueens_wrapper/export/nqueens_wrapper/sw/nqueens_wrapper/standalone_domain/bsplib/lib -o "nqueens.elf"  ./src/main.o ./src/xnqueens.o ./src/xnqueens_linux.o ./src/xnqueens_sinit.o   -Wl,--start-group,-lxil,-lgcc,-lc,--end-group
'Finished building target: nqueens.elf'
' '
'Invoking: ARM v8 Print Size'
aarch64-none-elf-size nqueens.elf  |tee "nqueens.elf.size"
   text	   data	    bss	    dec	    hex	filename
  76488	   4568	  20824	 101880	  18df8	nqueens.elf
'Finished building: nqueens.elf.size'
' '

15:44:44 Build Finished (took 597ms)

