21:11:28 **** Incremental Build of configuration Debug for project pynq_nqueens ****
make all 
make --no-print-directory pre-build
a9-linaro-pre-build-step
 
make --no-print-directory main-build
Building file: ../src/helloworld.c
Invoking: ARM v7 gcc compiler
arm-none-eabi-gcc -Wall -O0 -g3 -c -fmessage-length=0 -MT"src/helloworld.o" -mcpu=cortex-a9 -mfpu=vfpv3 -mfloat-abi=hard -I/home/agustinsilva447/Escritorio/Github/FPGA/pynq/pynq_nqueens_4/design_1_wrapper/export/design_1_wrapper/sw/design_1_wrapper/standalone_ps7_cortexa9_0/bspinclude/include -MMD -MP -MF"src/helloworld.d" -MT"src/helloworld.o" -o "src/helloworld.o" "../src/helloworld.c"
Finished building: ../src/helloworld.c
 
Building target: pynq_nqueens.elf
Invoking: ARM v7 gcc linker
arm-none-eabi-gcc -mcpu=cortex-a9 -mfpu=vfpv3 -mfloat-abi=hard -Wl,-build-id=none -specs=Xilinx.spec -Wl,-T -Wl,../src/lscript.ld -L/home/agustinsilva447/Escritorio/Github/FPGA/pynq/pynq_nqueens_4/design_1_wrapper/export/design_1_wrapper/sw/design_1_wrapper/standalone_ps7_cortexa9_0/bsplib/lib -o "pynq_nqueens.elf"  ./src/helloworld.o ./src/platform.o   -Wl,--start-group,-lxil,-lgcc,-lc,--end-group
Finished building target: pynq_nqueens.elf
 
Invoking: ARM v7 Print Size
arm-none-eabi-size pynq_nqueens.elf  |tee "pynq_nqueens.elf.size"
   text	   data	    bss	    dec	    hex	filename
  22501	   1144	  22568	  46213	   b485	pynq_nqueens.elf
Finished building: pynq_nqueens.elf.size
 

21:11:30 Build Finished (took 1s.357ms)

