18:50:06 **** Incremental Build of project design_1_wrapper ****
buildplatform.bat 50802 design_1_wrapper no_domain_build 
XSDB Server Channel: tcfchan#32
18:50:10 **** Incremental Build of configuration Debug for project fsm_test ****
make all 
make --no-print-directory pre-build
a9-linaro-pre-build-step
' '
make --no-print-directory main-build
'Building file: ../src/helloworld.c'
'Invoking: ARM v7 gcc compiler'
arm-none-eabi-gcc -Wall -O0 -g3 -c -fmessage-length=0 -MT"src/helloworld.o" -mcpu=cortex-a9 -mfpu=vfpv3 -mfloat-abi=hard -IC:/Users/mlabadm/Desktop/Github/FPGA/nqueens/fsm_test/design_1_wrapper/export/design_1_wrapper/sw/design_1_wrapper/standalone_ps7_cortexa9_0/bspinclude/include -MMD -MP -MF"src/helloworld.d" -MT"src/helloworld.o" -o "src/helloworld.o" "../src/helloworld.c"
'Finished building: ../src/helloworld.c'
' '
'Building target: fsm_test.elf'
'Invoking: ARM v7 gcc linker'
arm-none-eabi-gcc -mcpu=cortex-a9 -mfpu=vfpv3 -mfloat-abi=hard -Wl,-build-id=none -specs=Xilinx.spec -Wl,-T -Wl,../src/lscript.ld -LC:/Users/mlabadm/Desktop/Github/FPGA/nqueens/fsm_test/design_1_wrapper/export/design_1_wrapper/sw/design_1_wrapper/standalone_ps7_cortexa9_0/bsplib/lib -o "fsm_test.elf"  ./src/helloworld.o ./src/platform.o   -Wl,--start-group,-lxil,-lgcc,-lc,--end-group
'Finished building target: fsm_test.elf'
' '
'Invoking: ARM v7 Print Size'
arm-none-eabi-size fsm_test.elf  |tee "fsm_test.elf.size"
   text	   data	    bss	    dec	    hex	filename
  22337	   1144	  22568	  46049	   b3e1	fsm_test.elf
'Finished building: fsm_test.elf.size'
' '
